Microchip MPLAB XC8 Compiler V1.42 ()

Linker command line:

-W-3 --edf=C:\Program Files\Microchip\xc8\v1.42\dat\en_msgs.txt -cs \
  -h+dist/C18_18F87K22/production\PROYECTO_TALLER.X.production.sym \
  --cmf=dist/C18_18F87K22/production\PROYECTO_TALLER.X.production.cmf -z \
  -Q18F252 -oC:\Users\david\AppData\Local\Temp\s3uc.2 \
  -Mdist/C18_18F87K22/production/PROYECTO_TALLER.X.production.map -E1 \
  -ver=XC8 -ASTACK=0100h-05ffh -pstack=STACK -ACODE=00h-03FFFhx2 \
  -ACONST=00h-07FFFh -ASMALLCONST=0600h-06FFhx122 \
  -AMEDIUMCONST=0600h-07FFFh -ACOMRAM=01h-07Fh -AABS1=00h-05FFh \
  -ABIGRAM=01h-05FFh -ARAM=080h-0FFh,0100h-01FFhx5 -ABANK0=080h-0FFh \
  -ABANK1=0100h-01FFh -ABANK2=0200h-02FFh -ABANK3=0300h-03FFh \
  -ABANK4=0400h-04FFh -ABANK5=0500h-05FFh -ASFR=0F80h-0FFFh \
  -preset_vec=00h,intcode=08h,intcodelo=018h,powerup,init -pramtop=0600h \
  -psmallconst=SMALLCONST -pmediumconst=MEDIUMCONST -pconst=CONST \
  -AFARRAM=00h-00h -ACONFIG=0300000h-030000Dh -pconfig=CONFIG \
  -AIDLOC=0200000h-0200007h -pidloc=IDLOC -AEEDATA=0F00000h-0F000FFh \
  -peeprom_data=EEDATA \
  -prdata=COMRAM,nvrram=COMRAM,nvbit=COMRAM,rbss=COMRAM,rbit=COMRAM \
  -pfarbss=FARRAM,fardata=FARRAM,nvFARRAM=FARRAM \
  -pintsave_regs=BIGRAM,bigbss=BIGRAM,bigdata=BIGRAM -pbss=RAM \
  -pidata=CODE,irdata=CODE,ibigdata=CODE,ifardata=CODE -prparam=COMRAM \
  C:\Users\david\AppData\Local\Temp\s3uc.obj \
  dist/C18_18F87K22/production\PROYECTO_TALLER.X.production.obj 

Object code version is 3.11

Machine type is 18F252

Call graph: (short form)




                Name                               Link     Load   Length Selector   Space Scale
C:\Users\david\AppData\Local\Temp\s3uc.obj
                text                               19E2     19E2        2      326       0
                init                                 AA       AA        4        C       0
                reset_vec                             0        0        6        0       0
                idloc                            200000   200000        8   200000       0
                config                           300000   300000        E   300000       0
dist/C18_18F87K22/production\PROYECTO_TALLER.X.production.obj
                intcodelo                            18       18       92        C       0
                intcode                               8        8        8        4       0
                temp                                 5F       5F        1        1       1
                smallconst                          600      600       4C      300       0
                intcode_body                       14EC     14EC      134      326       0
                text16                             19DC     19DC        6      326       0
                text15                             18E8     18E8       52      326       0
                text14                             19D2     19D2        A      326       0
                text13                             19BA     19BA        E      326       0
                text12                             1750     1750       7A      326       0
                text11                             16CA     16CA       86      326       0
                text10                             17CA     17CA       6A      326       0
                text9                              1346     1346      1A6      326       0
                text8                              10E0     10E0      266      326       0
                text7                               C0A      C0A      270      326       0
                text6                               E7A      E7A      266      326       0
                text5                               99A      99A      270      326       0
                text4                              1894     1894       54      326       0
                text3                              1834     1834       60      326       0
                text2                              1980     1980       3A      326       0
                text1                              1620     1620       AA      326       0
                text0                               64C      64C      34E      326       0
                cstackCOMRAM                         34       34       21        1       1
                cstackBANK0                          E2       E2       1E       80       1
                bssBANK0                             80       80       62       80       1
                dataCOMRAM                           55       55        A        1       1
                bssCOMRAM                             1        1       33        1       1
                cinit                              193A     193A       46      326       0
                idataCOMRAM                        19C8     19C8        A      326       0

TOTAL           Name                               Link     Load   Length     Space
        CLASS   STACK          

        CLASS   CODE           
                intcodelo                            18       18       92         0
                intcode                               8        8        8         0
                text                               19E2     19E2        2         0
                init                                 AA       AA        4         0
                reset_vec                             0        0        6         0
                intcode_body                       14EC     14EC      134         0
                text16                             19DC     19DC        6         0
                text15                             18E8     18E8       52         0
                text14                             19D2     19D2        A         0
                text13                             19BA     19BA        E         0
                text12                             1750     1750       7A         0
                text11                             16CA     16CA       86         0
                text10                             17CA     17CA       6A         0
                text9                              1346     1346      1A6         0
                text8                              10E0     10E0      266         0
                text7                               C0A      C0A      270         0
                text6                               E7A      E7A      266         0
                text5                               99A      99A      270         0
                text4                              1894     1894       54         0
                text3                              1834     1834       60         0
                text2                              1980     1980       3A         0
                text1                              1620     1620       AA         0
                text0                               64C      64C      34E         0
                cinit                              193A     193A       46         0
                idataCOMRAM                        19C8     19C8        A         0

        CLASS   CONST          

        CLASS   SMALLCONST     
                smallconst                          600      600       4C         0

        CLASS   MEDIUMCONST    

        CLASS   COMRAM         
                temp                                 5F       5F        1         1
                cstackCOMRAM                         34       34       21         1
                dataCOMRAM                           55       55        A         1
                bssCOMRAM                             1        1       33         1

        CLASS   ABS1           

        CLASS   BIGRAM         

        CLASS   RAM            

        CLASS   BANK0          
                cstackBANK0                          E2       E2       1E         1
                bssBANK0                             80       80       62         1

        CLASS   BANK1          

        CLASS   BANK2          

        CLASS   BANK3          

        CLASS   BANK4          

        CLASS   BANK5          

        CLASS   SFR            

        CLASS   FARRAM         

        CLASS   CONFIG         
                config                           300000   300000        E         0

        CLASS   IDLOC          
                idloc                            200000   200000        8         0

        CLASS   EEDATA         



SEGMENTS        Name                           Load    Length   Top    Selector   Space  Class

                reset_vec                      000000  000006  000006         0       0  CODE    
                bssCOMRAM                      000001  00005F  000060         1       1  COMRAM  
                intcode                        000008  000008  000010         4       0  CODE    
                intcodelo                      000018  000096  0000AE         C       0  CODE    
                bssBANK0                       000080  000080  000100        80       1  BANK0   
                smallconst                     000600  00004C  00064C       300       0  SMALLCON
                text0                          00064C  001398  0019E4       326       0  CODE    
                idloc                          200000  000008  200008    200000       0  IDLOC   
                config                         300000  00000E  30000E    300000       0  CONFIG  


UNUSED ADDRESS RANGES

        Name                Unused          Largest block    Delta
        BANK1            000100-0001FF              100
        BANK2            000200-0002FF              100
        BANK3            000300-0003FF              100
        BANK4            000400-0004FF              100
        BANK5            000500-0005FF              100
        BIGRAM           000060-00007F               20
                         000100-0005FF              500
        CODE             000006-000007                2
                         000010-000017                8
                         0000AE-0005FF              552
                         0019E4-007FFF             261C
        COMRAM           000060-00007F               20
        CONST            000006-000007                2
                         000010-000017                8
                         0000AE-0005FF              552
                         0019E4-007FFF             661C
        EEDATA           F00000-F000FF              100
        MEDIUMCONST      0019E4-007FFF             661C
        RAM              000100-0005FF              100
        SFR              000F80-000FFF               80
        SMALLCONST       0019E4-007FFF              100
        STACK            000100-0005FF              500

                                  Symbol Table

?___lwdiv                                                                    cstackBANK0  0000E2
?___lwmod                                                                    cstackBANK0  0000E9
?___wmul                                                                     cstackBANK0  0000E2
?_sprintf                                                                    cstackBANK0  0000ED
?_strcmp                                                                     cstackBANK0  0000E2
?_stringtoint                                                                cstackBANK0  0000E8
_ConfigureOscillator                                                         text16       0019DC
_INTCONbits                                                                  (abs)        000FF2
_IPR1bits                                                                    (abs)        000F9F
_InitApp                                                                     text15       0018E8
_LATA                                                                        (abs)        000F89
_LATB                                                                        (abs)        000F8A
_LATBbits                                                                    (abs)        000F8A
_PIE1bits                                                                    (abs)        000F9D
_PIR1bits                                                                    (abs)        000F9E
_PORTA                                                                       (abs)        000F80
_PORTB                                                                       (abs)        000F81
_PORTBbits                                                                   (abs)        000F81
_PORTC                                                                       (abs)        000F82
_RCREG                                                                       (abs)        000FAE
_RCSTAbits                                                                   (abs)        000FAB
_SPBRG                                                                       (abs)        000FAF
_StepCounter                                                                 bssCOMRAM    000025
_T1CONbits                                                                   (abs)        000FCD
_TMR1                                                                        (abs)        000FCE
_TRISA                                                                       (abs)        000F92
_TRISBbits                                                                   (abs)        000F93
_TRISCbits                                                                   (abs)        000F94
_TXREG                                                                       (abs)        000FAD
_TXSTAbits                                                                   (abs)        000FAC
__CFG_BOR$OFF                                                                (abs)        000000
__CFG_BORV$20                                                                (abs)        000000
__CFG_CCP2MUX$OFF                                                            (abs)        000000
__CFG_CP0$OFF                                                                (abs)        000000
__CFG_CP1$OFF                                                                (abs)        000000
__CFG_CP2$OFF                                                                (abs)        000000
__CFG_CP3$OFF                                                                (abs)        000000
__CFG_CPB$OFF                                                                (abs)        000000
__CFG_CPD$OFF                                                                (abs)        000000
__CFG_EBTR0$OFF                                                              (abs)        000000
__CFG_EBTR1$OFF                                                              (abs)        000000
__CFG_EBTR2$OFF                                                              (abs)        000000
__CFG_EBTR3$OFF                                                              (abs)        000000
__CFG_EBTRB$OFF                                                              (abs)        000000
__CFG_LVP$OFF                                                                (abs)        000000
__CFG_OSC$HS                                                                 (abs)        000000
__CFG_OSCS$OFF                                                               (abs)        000000
__CFG_PWRT$OFF                                                               (abs)        000000
__CFG_STVR$OFF                                                               (abs)        000000
__CFG_WDT$OFF                                                                (abs)        000000
__CFG_WDTPS$128                                                              (abs)        000000
__CFG_WRT0$OFF                                                               (abs)        000000
__CFG_WRT1$OFF                                                               (abs)        000000
__CFG_WRT2$OFF                                                               (abs)        000000
__CFG_WRT3$OFF                                                               (abs)        000000
__CFG_WRTB$OFF                                                               (abs)        000000
__CFG_WRTC$OFF                                                               (abs)        000000
__CFG_WRTD$OFF                                                               (abs)        000000
__HRAM                                                                       (abs)        000000
__Habs1                                                                      abs1         000000
__Hbank0                                                                     bank0        000000
__Hbank1                                                                     bank1        000000
__Hbank2                                                                     bank2        000000
__Hbank3                                                                     bank3        000000
__Hbank4                                                                     bank4        000000
__Hbank5                                                                     bank5        000000
__Hbigbss                                                                    bigbss       000000
__Hbigdata                                                                   bigdata      000000
__Hbigram                                                                    bigram       000000
__Hbss                                                                       bss          000000
__HbssBANK0                                                                  bssBANK0     000000
__HbssCOMRAM                                                                 bssCOMRAM    000000
__Hcinit                                                                     cinit        000000
__Hclrtext                                                                   clrtext      000000
__Hcomram                                                                    comram       000000
__Hconfig                                                                    config       30000E
__Hconst                                                                     const        000000
__HcstackBANK0                                                               cstackBANK0  000000
__HcstackCOMRAM                                                              cstackCOMRAM 000000
__Hdata                                                                      data         000000
__HdataCOMRAM                                                                dataCOMRAM   000000
__Heeprom_data                                                               eeprom_data  000000
__Hfarbss                                                                    farbss       000000
__Hfardata                                                                   fardata      000000
__Hibigdata                                                                  ibigdata     000000
__Hidata                                                                     idata        000000
__HidataCOMRAM                                                               idataCOMRAM  000000
__Hidloc                                                                     idloc        200008
__Hifardata                                                                  ifardata     000000
__Hinit                                                                      init         0000AE
__Hintcode                                                                   intcode      000010
__Hintcode_body                                                              intcode_body 000000
__Hintcodelo                                                                 intcodelo    0000AA
__Hintentry                                                                  intentry     000000
__Hintret                                                                    intret       000000
__Hintsave_regs                                                              intsave_regs 000000
__Hirdata                                                                    irdata       000000
__Hmediumconst                                                               mediumconst  000000
__HnvFARRAM                                                                  nvFARRAM     000000
__Hnvbit                                                                     nvbit        000000
__Hnvrram                                                                    nvrram       000000
__Hparam                                                                     rparam       000000
__Hpowerup                                                                   powerup      0000AA
__Hram                                                                       ram          000000
__Hramtop                                                                    ramtop       000600
__Hrbit                                                                      rbit         000000
__Hrbss                                                                      rbss         000000
__Hrdata                                                                     rdata        000000
__Hreset_vec                                                                 reset_vec    000006
__Hrparam                                                                    rparam       000000
__Hsfr                                                                       sfr          000000
__Hsmallconst                                                                smallconst   00064C
__Hspace_0                                                                   (abs)        30000E
__Hspace_1                                                                   (abs)        000100
__Hspace_2                                                                   (abs)        000000
__Hstack                                                                     stack        000000
__Hstruct                                                                    struct       000000
__Htemp                                                                      temp         000060
__Htext                                                                      text         000000
__Htext0                                                                     text0        000000
__Htext1                                                                     text1        000000
__Htext10                                                                    text10       000000
__Htext11                                                                    text11       000000
__Htext12                                                                    text12       000000
__Htext13                                                                    text13       000000
__Htext14                                                                    text14       000000
__Htext15                                                                    text15       000000
__Htext16                                                                    text16       000000
__Htext2                                                                     text2        000000
__Htext3                                                                     text3        000000
__Htext4                                                                     text4        000000
__Htext5                                                                     text5        000000
__Htext6                                                                     text6        000000
__Htext7                                                                     text7        000000
__Htext8                                                                     text8        000000
__Htext9                                                                     text9        000000
__LRAM                                                                       (abs)        000001
__Labs1                                                                      abs1         000000
__Lbank0                                                                     bank0        000000
__Lbank1                                                                     bank1        000000
__Lbank2                                                                     bank2        000000
__Lbank3                                                                     bank3        000000
__Lbank4                                                                     bank4        000000
__Lbank5                                                                     bank5        000000
__Lbigbss                                                                    bigbss       000000
__Lbigdata                                                                   bigdata      000000
__Lbigram                                                                    bigram       000000
__Lbss                                                                       bss          000000
__LbssBANK0                                                                  bssBANK0     000000
__LbssCOMRAM                                                                 bssCOMRAM    000000
__Lcinit                                                                     cinit        000000
__Lclrtext                                                                   clrtext      000000
__Lcomram                                                                    comram       000000
__Lconfig                                                                    config       300000
__Lconst                                                                     const        000000
__LcstackBANK0                                                               cstackBANK0  000000
__LcstackCOMRAM                                                              cstackCOMRAM 000000
__Ldata                                                                      data         000000
__LdataCOMRAM                                                                dataCOMRAM   000000
__Leeprom_data                                                               eeprom_data  000000
__Lfarbss                                                                    farbss       000000
__Lfardata                                                                   fardata      000000
__Libigdata                                                                  ibigdata     000000
__Lidata                                                                     idata        000000
__LidataCOMRAM                                                               idataCOMRAM  000000
__Lidloc                                                                     idloc        200000
__Lifardata                                                                  ifardata     000000
__Linit                                                                      init         0000AA
__Lintcode                                                                   intcode      000008
__Lintcode_body                                                              intcode_body 000000
__Lintcodelo                                                                 intcodelo    000018
__Lintentry                                                                  intentry     000000
__Lintret                                                                    intret       000000
__Lintsave_regs                                                              intsave_regs 000000
__Lirdata                                                                    irdata       000000
__Lmediumconst                                                               mediumconst  000000
__LnvFARRAM                                                                  nvFARRAM     000000
__Lnvbit                                                                     nvbit        000000
__Lnvrram                                                                    nvrram       000000
__Lparam                                                                     rparam       000000
__Lpowerup                                                                   powerup      0000AA
__Lram                                                                       ram          000000
__Lramtop                                                                    ramtop       000600
__Lrbit                                                                      rbit         000000
__Lrbss                                                                      rbss         000000
__Lrdata                                                                     rdata        000000
__Lreset_vec                                                                 reset_vec    000000
__Lrparam                                                                    rparam       000000
__Lsfr                                                                       sfr          000000
__Lsmallconst                                                                smallconst   000600
__Lspace_0                                                                   (abs)        000000
__Lspace_1                                                                   (abs)        000000
__Lspace_2                                                                   (abs)        000000
__Lstack                                                                     stack        000000
__Lstruct                                                                    struct       000000
__Ltemp                                                                      temp         00005F
__Ltext                                                                      text         000000
__Ltext0                                                                     text0        000000
__Ltext1                                                                     text1        000000
__Ltext10                                                                    text10       000000
__Ltext11                                                                    text11       000000
__Ltext12                                                                    text12       000000
__Ltext13                                                                    text13       000000
__Ltext14                                                                    text14       000000
__Ltext15                                                                    text15       000000
__Ltext16                                                                    text16       000000
__Ltext2                                                                     text2        000000
__Ltext3                                                                     text3        000000
__Ltext4                                                                     text4        000000
__Ltext5                                                                     text5        000000
__Ltext6                                                                     text6        000000
__Ltext7                                                                     text7        000000
__Ltext8                                                                     text8        000000
__Ltext9                                                                     text9        000000
__S0                                                                         (abs)        30000E
__S1                                                                         (abs)        000100
__S2                                                                         (abs)        000000
___inthi_sp                                                                  stack        000000
___intlo_sp                                                                  stack        000000
___lwdiv                                                                     text11       0016CA
___lwdiv@counter                                                             cstackBANK0  0000E6
___lwdiv@dividend                                                            cstackBANK0  0000E2
___lwdiv@divisor                                                             cstackBANK0  0000E4
___lwdiv@quotient                                                            cstackBANK0  0000E7
___lwmod                                                                     text10       0017CA
___lwmod@counter                                                             cstackCOMRAM 000054
___lwmod@dividend                                                            cstackBANK0  0000E9
___lwmod@divisor                                                             cstackBANK0  0000EB
___param_bank                                                                (abs)        000000
___rparam_used                                                               (abs)        000001
___sp                                                                        stack        000000
___wmul                                                                      text2        001980
___wmul@multiplicand                                                         cstackBANK0  0000E4
___wmul@multiplier                                                           cstackBANK0  0000E2
___wmul@product                                                              cstackBANK0  0000E6
__accesstop                                                                  (abs)        000080
__activetblptr                                                               (abs)        000002
__cntErrataNOP_C:\Users\david\AppData\Local\Temp\s3uc.obj                    (abs)        000001
__cntErrataNOP_dist/C18_18F87K22/production\PROYECTO_TALLER.X.production.obj (abs)        000094
__end_of_ConfigureOscillator                                                 text16       0019E2
__end_of_InitApp                                                             text15       00193A
__end_of___lwdiv                                                             text11       001750
__end_of___lwmod                                                             text10       001834
__end_of___wmul                                                              text2        0019BA
__end_of__initialization                                                     cinit        001972
__end_of_apagarM1                                                            text14       0019DC
__end_of_apagarM2                                                            text13       0019C8
__end_of_comandonoreconocido                                                 smallconst   000621
__end_of_dpowers                                                             smallconst   00060B
__end_of_ejexnegativo                                                        text8        001346
__end_of_ejexpositivo                                                        text7        000E7A
__end_of_ejeynegativo                                                        text6        0010E0
__end_of_ejeypositivo                                                        text5        000C0A
__end_of_enviarTrama                                                         text12       0017CA
__end_of_high_isr                                                            intcode_body 001620
__end_of_ledestado                                                           text4        0018E8
__end_of_low_isr                                                             intcodelo    0000AA
__end_of_main                                                                text0        00099A
__end_of_moverx                                                              smallconst   00063A
__end_of_movery                                                              smallconst   000633
__end_of_saludo                                                              smallconst   00062C
__end_of_sprintf                                                             text9        0014EC
__end_of_strcmp                                                              text3        001894
__end_of_stringtoint                                                         text1        0016CA
__initialization                                                             cinit        00193A
__mediumconst                                                                mediumconst  000000
__pbssBANK0                                                                  bssBANK0     000080
__pbssCOMRAM                                                                 bssCOMRAM    000001
__pcinit                                                                     cinit        00193A
__pcstackBANK0                                                               cstackBANK0  0000E2
__pcstackCOMRAM                                                              cstackCOMRAM 000034
__pdataCOMRAM                                                                dataCOMRAM   000055
__pidataCOMRAM                                                               idataCOMRAM  0019C8
__pintcode                                                                   intcode      000008
__pintcode_body                                                              intcode_body 0014EC
__pintcodelo                                                                 intcodelo    000018
__psmallconst                                                                smallconst   000600
__ptext0                                                                     text0        00064C
__ptext1                                                                     text1        001620
__ptext10                                                                    text10       0017CA
__ptext11                                                                    text11       0016CA
__ptext12                                                                    text12       001750
__ptext13                                                                    text13       0019BA
__ptext14                                                                    text14       0019D2
__ptext15                                                                    text15       0018E8
__ptext16                                                                    text16       0019DC
__ptext2                                                                     text2        001980
__ptext3                                                                     text3        001834
__ptext4                                                                     text4        001894
__ptext5                                                                     text5        00099A
__ptext6                                                                     text6        000E7A
__ptext7                                                                     text7        000C0A
__ptext8                                                                     text8        0010E0
__ptext9                                                                     text9        001346
__ramtop                                                                     ramtop       000600
__size_of_ConfigureOscillator                                                (abs)        000000
__size_of_InitApp                                                            (abs)        000000
__size_of___lwdiv                                                            (abs)        000000
__size_of___lwmod                                                            (abs)        000000
__size_of___wmul                                                             (abs)        000000
__size_of_apagarM1                                                           (abs)        000000
__size_of_apagarM2                                                           (abs)        000000
__size_of_ejexnegativo                                                       (abs)        000000
__size_of_ejexpositivo                                                       (abs)        000000
__size_of_ejeynegativo                                                       (abs)        000000
__size_of_ejeypositivo                                                       (abs)        000000
__size_of_enviarTrama                                                        (abs)        000000
__size_of_high_isr                                                           (abs)        000000
__size_of_ledestado                                                          (abs)        000000
__size_of_low_isr                                                            (abs)        000000
__size_of_main                                                               (abs)        000000
__size_of_sprintf                                                            (abs)        000000
__size_of_strcmp                                                             (abs)        000000
__size_of_stringtoint                                                        (abs)        000000
__smallconst                                                                 smallconst   000600
_actualstep                                                                  bssCOMRAM    000015
_apagarM1                                                                    text14       0019D2
_apagarM2                                                                    text13       0019BA
_c                                                                           bssCOMRAM    000019
_comando                                                                     bssBANK0     0000B5
_comandonoreconocido                                                         smallconst   00060B
_cont_led                                                                    bssCOMRAM    00001B
_contadorled                                                                 bssCOMRAM    00001D
_dato                                                                        bssCOMRAM    000031
_digitos                                                                     bssBANK0     000080
_dpowers                                                                     smallconst   000601
_ejexnegativo                                                                text8        0010E0
_ejexpositivo                                                                text7        000C0A
_ejeynegativo                                                                text6        000E7A
_ejeypositivo                                                                text5        00099A
_enter                                                                       bssCOMRAM    00002D
_entrada                                                                     bssBANK0     000083
_enviarTrama                                                                 text12       001750
_g                                                                           bssCOMRAM    000023
_h                                                                           bssCOMRAM    000013
_help                                                                        bssCOMRAM    00000D
_high_isr                                                                    intcode      000008
_i                                                                           bssCOMRAM    000005
_led                                                                         bssCOMRAM    00002B
_ledestado                                                                   text4        001894
_lleg                                                                        bssCOMRAM    000003
_low_isr                                                                     intcodelo    000018
_main                                                                        text0        00064C
_moverx                                                                      smallconst   000633
_movery                                                                      smallconst   00062C
_movimiento                                                                  bssCOMRAM    000029
_muestreo                                                                    bssCOMRAM    000021
_n                                                                           bssCOMRAM    000027
_numSteps                                                                    dataCOMRAM   000059
_o                                                                           bssCOMRAM    000011
_p                                                                           bssCOMRAM    00000F
_ptr_llegada                                                                 bssCOMRAM    000001
_r                                                                           bssCOMRAM    00000B
_salida                                                                      bssBANK0     00009C
_saludo                                                                      smallconst   000621
_sprintf                                                                     text9        001346
_stepcont                                                                    bssCOMRAM    000017
_steps                                                                       bssCOMRAM    000032
_stepsPerRev                                                                 dataCOMRAM   00005D
_strcmp                                                                      text3        001834
_stringtoint                                                                 text1        001620
_tam                                                                         bssBANK0     0000CE
_tama                                                                        bssCOMRAM    00002F
_tama1                                                                       bssCOMRAM    000009
_tama2                                                                       bssCOMRAM    000007
_vel                                                                         dataCOMRAM   00005B
_visualizacion                                                               bssCOMRAM    00001F
_xtrue                                                                       dataCOMRAM   000057
_ytrue                                                                       dataCOMRAM   000055
btemp                                                                        temp         00005F
ejexnegativo@paso2                                                           cstackBANK0  0000FB
ejexpositivo@paso                                                            cstackBANK0  0000FB
ejeynegativo@paso4                                                           cstackBANK0  0000FB
ejeypositivo@paso3                                                           cstackBANK0  0000FB
end_of_initialization                                                        cinit        001972
enviarTrama@datos                                                            cstackBANK0  0000E2
int$flags                                                                    temp         00005F
int_func                                                                     intcode_body 0014EC
intlevel0                                                                    text         0019E2
intlevel1                                                                    text         0019E2
intlevel2                                                                    text         0019E2
intlevel3                                                                    text         0019E2
ledestado@tiempoled                                                          cstackBANK0  0000E2
sprintf@ap                                                                   cstackBANK0  0000F4
sprintf@c                                                                    cstackBANK0  0000FA
sprintf@f                                                                    cstackBANK0  0000EF
sprintf@flag                                                                 cstackBANK0  0000F6
sprintf@prec                                                                 cstackBANK0  0000F7
sprintf@sp                                                                   cstackBANK0  0000ED
sprintf@val                                                                  cstackBANK0  0000F8
stackhi                                                                      (abs)        0005FF
stacklo                                                                      (abs)        000100
start                                                                        init         0000AA
start_initialization                                                         cinit        00193A
strcmp@r                                                                     cstackBANK0  0000E6
strcmp@s1                                                                    cstackBANK0  0000E2
strcmp@s2                                                                    cstackBANK0  0000E4
stringtoint@string                                                           cstackBANK0  0000E8
stringtoint@tamanio                                                          cstackBANK0  0000EA


FUNCTION INFORMATION:

 *************** function _main *****************
 Defined at:
		line 86 in file "main.c"
 Parameters:    Size  Location     Type
		None
 Auto vars:     Size  Location     Type
		None
 Return value:  Size  Location     Type
                  1    wreg      void 
 Registers used:
		wreg, fsr0l, fsr0h, fsr1l, fsr1h, fsr2l, fsr2h, status,2, status,0, tblptrl, tblptrh, tblptru, prodl, prodh, cstack
 Tracked objects:
		On entry : 
		On exit  : 
		Unchanged: 
 Data sizes:     COMRAM   BANK0   BANK1   BANK2   BANK3   BANK4   BANK5
      Params:         0       0       0       0       0       0       0
      Locals:         0       0       0       0       0       0       0
      Temps:          0       1       0       0       0       0       0
      Totals:         0       1       0       0       0       0       0
Total ram usage:        1 bytes
 Hardware stack levels required when called:    5
 This function calls:
		_ConfigureOscillator
		_InitApp
		_apagarM1
		_apagarM2
		_ejexnegativo
		_ejexpositivo
		_ejeynegativo
		_ejeypositivo
		_enviarTrama
		_ledestado
		_strcmp
		_stringtoint
 This function is called by:
		Startup code after reset
 This function uses a non-reentrant model


 *************** function _stringtoint *****************
 Defined at:
		line 230 in file "main.c"
 Parameters:    Size  Location     Type
  string          2    6[BANK0 ] PTR unsigned char 
		 -> entrada(25), 
  tamanio         2    8[BANK0 ] int 
 Auto vars:     Size  Location     Type
		None
 Return value:  Size  Location     Type
                  2    6[BANK0 ] int 
 Registers used:
		wreg, fsr2l, fsr2h, status,2, status,0, prodl, prodh, cstack
 Tracked objects:
		On entry : 
		On exit  : 
		Unchanged: 
 Data sizes:     COMRAM   BANK0   BANK1   BANK2   BANK3   BANK4   BANK5
      Params:         0       4       0       0       0       0       0
      Locals:         0       0       0       0       0       0       0
      Temps:          1       0       0       0       0       0       0
      Totals:         1       4       0       0       0       0       0
Total ram usage:        5 bytes
 Hardware stack levels used:    1
 Hardware stack levels required when called:    3
 This function calls:
		___wmul
 This function is called by:
		_main
 This function uses a non-reentrant model


 *************** function ___wmul *****************
 Defined at:
		line 15 in file "C:\Program Files\Microchip\xc8\v1.42\sources\common\Umul16.c"
 Parameters:    Size  Location     Type
  multiplier      2    0[BANK0 ] unsigned int 
  multiplicand    2    2[BANK0 ] unsigned int 
 Auto vars:     Size  Location     Type
  product         2    4[BANK0 ] unsigned int 
 Return value:  Size  Location     Type
                  2    0[BANK0 ] unsigned int 
 Registers used:
		wreg, status,2, status,0, prodl, prodh
 Tracked objects:
		On entry : 
		On exit  : 
		Unchanged: 
 Data sizes:     COMRAM   BANK0   BANK1   BANK2   BANK3   BANK4   BANK5
      Params:         0       4       0       0       0       0       0
      Locals:         0       2       0       0       0       0       0
      Temps:          0       0       0       0       0       0       0
      Totals:         0       6       0       0       0       0       0
Total ram usage:        6 bytes
 Hardware stack levels used:    1
 Hardware stack levels required when called:    2
 This function calls:
		Nothing
 This function is called by:
		_stringtoint
 This function uses a non-reentrant model


 *************** function _strcmp *****************
 Defined at:
		line 33 in file "C:\Program Files\Microchip\xc8\v1.42\sources\common\strcmp.c"
 Parameters:    Size  Location     Type
  s1              2    0[BANK0 ] PTR const unsigned char 
		 -> tam(20), 
  s2              2    2[BANK0 ] PTR const unsigned char 
		 -> movery(7), moverx(7), 
 Auto vars:     Size  Location     Type
  r               1    4[BANK0 ] char 
 Return value:  Size  Location     Type
                  2    0[BANK0 ] int 
 Registers used:
		wreg, fsr2l, fsr2h, status,2, status,0, tblptrl, tblptrh, tblptru
 Tracked objects:
		On entry : 
		On exit  : 
		Unchanged: 
 Data sizes:     COMRAM   BANK0   BANK1   BANK2   BANK3   BANK4   BANK5
      Params:         0       4       0       0       0       0       0
      Locals:         0       1       0       0       0       0       0
      Temps:          1       0       0       0       0       0       0
      Totals:         1       5       0       0       0       0       0
Total ram usage:        6 bytes
 Hardware stack levels used:    1
 Hardware stack levels required when called:    2
 This function calls:
		Nothing
 This function is called by:
		_main
 This function uses a non-reentrant model


 *************** function _ledestado *****************
 Defined at:
		line 221 in file "main.c"
 Parameters:    Size  Location     Type
  tiempoled       2    0[BANK0 ] int 
 Auto vars:     Size  Location     Type
		None
 Return value:  Size  Location     Type
                  1    wreg      void 
 Registers used:
		wreg, status,2, status,0
 Tracked objects:
		On entry : 
		On exit  : 
		Unchanged: 
 Data sizes:     COMRAM   BANK0   BANK1   BANK2   BANK3   BANK4   BANK5
      Params:         0       2       0       0       0       0       0
      Locals:         0       0       0       0       0       0       0
      Temps:          1       0       0       0       0       0       0
      Totals:         1       2       0       0       0       0       0
Total ram usage:        3 bytes
 Hardware stack levels used:    1
 Hardware stack levels required when called:    2
 This function calls:
		Nothing
 This function is called by:
		_main
 This function uses a non-reentrant model


 *************** function _ejeypositivo *****************
 Defined at:
		line 388 in file "main.c"
 Parameters:    Size  Location     Type
  paso3           2   25[BANK0 ] int 
 Auto vars:     Size  Location     Type
		None
 Return value:  Size  Location     Type
                  1    wreg      void 
 Registers used:
		wreg, fsr0l, fsr0h, fsr2l, fsr2h, status,2, status,0, tblptrl, tblptrh, tblptru, prodl, prodh, cstack
 Tracked objects:
		On entry : 
		On exit  : 
		Unchanged: 
 Data sizes:     COMRAM   BANK0   BANK1   BANK2   BANK3   BANK4   BANK5
      Params:         0       2       0       0       0       0       0
      Locals:         0       0       0       0       0       0       0
      Temps:          0       2       0       0       0       0       0
      Totals:         0       4       0       0       0       0       0
Total ram usage:        4 bytes
 Hardware stack levels used:    1
 Hardware stack levels required when called:    4
 This function calls:
		_enviarTrama
		_sprintf
 This function is called by:
		_main
 This function uses a non-reentrant model


 *************** function _ejeynegativo *****************
 Defined at:
		line 454 in file "main.c"
 Parameters:    Size  Location     Type
  paso4           2   25[BANK0 ] int 
 Auto vars:     Size  Location     Type
		None
 Return value:  Size  Location     Type
                  1    wreg      void 
 Registers used:
		wreg, fsr0l, fsr0h, fsr2l, fsr2h, status,2, status,0, tblptrl, tblptrh, tblptru, prodl, prodh, cstack
 Tracked objects:
		On entry : 
		On exit  : 
		Unchanged: 
 Data sizes:     COMRAM   BANK0   BANK1   BANK2   BANK3   BANK4   BANK5
      Params:         0       2       0       0       0       0       0
      Locals:         0       0       0       0       0       0       0
      Temps:          0       2       0       0       0       0       0
      Totals:         0       4       0       0       0       0       0
Total ram usage:        4 bytes
 Hardware stack levels used:    1
 Hardware stack levels required when called:    4
 This function calls:
		_enviarTrama
		_sprintf
 This function is called by:
		_main
 This function uses a non-reentrant model


 *************** function _ejexpositivo *****************
 Defined at:
		line 255 in file "main.c"
 Parameters:    Size  Location     Type
  paso            2   25[BANK0 ] int 
 Auto vars:     Size  Location     Type
		None
 Return value:  Size  Location     Type
                  1    wreg      void 
 Registers used:
		wreg, fsr0l, fsr0h, fsr2l, fsr2h, status,2, status,0, tblptrl, tblptrh, tblptru, prodl, prodh, cstack
 Tracked objects:
		On entry : 
		On exit  : 
		Unchanged: 
 Data sizes:     COMRAM   BANK0   BANK1   BANK2   BANK3   BANK4   BANK5
      Params:         0       2       0       0       0       0       0
      Locals:         0       0       0       0       0       0       0
      Temps:          0       2       0       0       0       0       0
      Totals:         0       4       0       0       0       0       0
Total ram usage:        4 bytes
 Hardware stack levels used:    1
 Hardware stack levels required when called:    4
 This function calls:
		_enviarTrama
		_sprintf
 This function is called by:
		_main
 This function uses a non-reentrant model


 *************** function _ejexnegativo *****************
 Defined at:
		line 321 in file "main.c"
 Parameters:    Size  Location     Type
  paso2           2   25[BANK0 ] int 
 Auto vars:     Size  Location     Type
		None
 Return value:  Size  Location     Type
                  1    wreg      void 
 Registers used:
		wreg, fsr0l, fsr0h, fsr2l, fsr2h, status,2, status,0, tblptrl, tblptrh, tblptru, prodl, prodh, cstack
 Tracked objects:
		On entry : 
		On exit  : 
		Unchanged: 
 Data sizes:     COMRAM   BANK0   BANK1   BANK2   BANK3   BANK4   BANK5
      Params:         0       2       0       0       0       0       0
      Locals:         0       0       0       0       0       0       0
      Temps:          0       2       0       0       0       0       0
      Totals:         0       4       0       0       0       0       0
Total ram usage:        4 bytes
 Hardware stack levels used:    1
 Hardware stack levels required when called:    4
 This function calls:
		_enviarTrama
		_sprintf
 This function is called by:
		_main
 This function uses a non-reentrant model


 *************** function _sprintf *****************
 Defined at:
		line 492 in file "C:\Program Files\Microchip\xc8\v1.42\sources\common\doprnt.c"
 Parameters:    Size  Location     Type
  sp              2   11[BANK0 ] PTR unsigned char 
		 -> salida(25), 
  f               2   13[BANK0 ] PTR const unsigned char 
		 -> STR_4(16), STR_3(16), STR_2(16), STR_1(16), 
 Auto vars:     Size  Location     Type
  tmpval          4    0        struct .
  cp              3    0        PTR const unsigned char 
  val             2   22[BANK0 ] unsigned int 
  ap              2   18[BANK0 ] PTR void [1]
		 -> ?_sprintf(2), 
  len             2    0        unsigned int 
  c               1   24[BANK0 ] char 
  prec            1   21[BANK0 ] char 
  flag            1   20[BANK0 ] unsigned char 
 Return value:  Size  Location     Type
                  2   11[BANK0 ] int 
 Registers used:
		wreg, fsr2l, fsr2h, status,2, status,0, tblptrl, tblptrh, tblptru, prodl, prodh, cstack
 Tracked objects:
		On entry : 
		On exit  : 
		Unchanged: 
 Data sizes:     COMRAM   BANK0   BANK1   BANK2   BANK3   BANK4   BANK5
      Params:         0       6       0       0       0       0       0
      Locals:         0       7       0       0       0       0       0
      Temps:          0       1       0       0       0       0       0
      Totals:         0      14       0       0       0       0       0
Total ram usage:       14 bytes
 Hardware stack levels used:    1
 Hardware stack levels required when called:    3
 This function calls:
		___lwdiv
		___lwmod
 This function is called by:
		_ejexpositivo
		_ejexnegativo
		_ejeypositivo
		_ejeynegativo
 This function uses a non-reentrant model


 *************** function ___lwmod *****************
 Defined at:
		line 8 in file "C:\Program Files\Microchip\xc8\v1.42\sources\common\lwmod.c"
 Parameters:    Size  Location     Type
  dividend        2    7[BANK0 ] unsigned int 
  divisor         2    9[BANK0 ] unsigned int 
 Auto vars:     Size  Location     Type
  counter         1   32[COMRAM] unsigned char 
 Return value:  Size  Location     Type
                  2    7[BANK0 ] unsigned int 
 Registers used:
		wreg, status,2, status,0
 Tracked objects:
		On entry : 
		On exit  : 
		Unchanged: 
 Data sizes:     COMRAM   BANK0   BANK1   BANK2   BANK3   BANK4   BANK5
      Params:         0       4       0       0       0       0       0
      Locals:         1       0       0       0       0       0       0
      Temps:          0       0       0       0       0       0       0
      Totals:         1       4       0       0       0       0       0
Total ram usage:        5 bytes
 Hardware stack levels used:    1
 Hardware stack levels required when called:    2
 This function calls:
		Nothing
 This function is called by:
		_sprintf
 This function uses a non-reentrant model


 *************** function ___lwdiv *****************
 Defined at:
		line 8 in file "C:\Program Files\Microchip\xc8\v1.42\sources\common\lwdiv.c"
 Parameters:    Size  Location     Type
  dividend        2    0[BANK0 ] unsigned int 
  divisor         2    2[BANK0 ] unsigned int 
 Auto vars:     Size  Location     Type
  quotient        2    5[BANK0 ] unsigned int 
  counter         1    4[BANK0 ] unsigned char 
 Return value:  Size  Location     Type
                  2    0[BANK0 ] unsigned int 
 Registers used:
		wreg, status,2, status,0
 Tracked objects:
		On entry : 
		On exit  : 
		Unchanged: 
 Data sizes:     COMRAM   BANK0   BANK1   BANK2   BANK3   BANK4   BANK5
      Params:         0       4       0       0       0       0       0
      Locals:         0       3       0       0       0       0       0
      Temps:          0       0       0       0       0       0       0
      Totals:         0       7       0       0       0       0       0
Total ram usage:        7 bytes
 Hardware stack levels used:    1
 Hardware stack levels required when called:    2
 This function calls:
		Nothing
 This function is called by:
		_sprintf
 This function uses a non-reentrant model


 *************** function _enviarTrama *****************
 Defined at:
		line 204 in file "main.c"
 Parameters:    Size  Location     Type
  datos           2    0[BANK0 ] PTR unsigned char 
		 -> salida(25), comandonoreconocido(22), saludo(11), comando(25), 
 Auto vars:     Size  Location     Type
		None
 Return value:  Size  Location     Type
                  1    wreg      void 
 Registers used:
		wreg, fsr0l, fsr0h, status,2, status,0, tblptrl, tblptrh, tblptru
 Tracked objects:
		On entry : 
		On exit  : 
		Unchanged: 
 Data sizes:     COMRAM   BANK0   BANK1   BANK2   BANK3   BANK4   BANK5
      Params:         0       2       0       0       0       0       0
      Locals:         0       0       0       0       0       0       0
      Temps:          0       0       0       0       0       0       0
      Totals:         0       2       0       0       0       0       0
Total ram usage:        2 bytes
 Hardware stack levels used:    1
 Hardware stack levels required when called:    2
 This function calls:
		Nothing
 This function is called by:
		_main
		_ejexpositivo
		_ejexnegativo
		_ejeypositivo
		_ejeynegativo
 This function uses a non-reentrant model


 *************** function _apagarM2 *****************
 Defined at:
		line 248 in file "main.c"
 Parameters:    Size  Location     Type
		None
 Auto vars:     Size  Location     Type
		None
 Return value:  Size  Location     Type
                  1    wreg      void 
 Registers used:
		None
 Tracked objects:
		On entry : 
		On exit  : 
		Unchanged: 
 Data sizes:     COMRAM   BANK0   BANK1   BANK2   BANK3   BANK4   BANK5
      Params:         0       0       0       0       0       0       0
      Locals:         0       0       0       0       0       0       0
      Temps:          0       0       0       0       0       0       0
      Totals:         0       0       0       0       0       0       0
Total ram usage:        0 bytes
 Hardware stack levels used:    1
 Hardware stack levels required when called:    2
 This function calls:
		Nothing
 This function is called by:
		_main
 This function uses a non-reentrant model


 *************** function _apagarM1 *****************
 Defined at:
		line 245 in file "main.c"
 Parameters:    Size  Location     Type
		None
 Auto vars:     Size  Location     Type
		None
 Return value:  Size  Location     Type
                  1    wreg      void 
 Registers used:
		wreg, status,2
 Tracked objects:
		On entry : 
		On exit  : 
		Unchanged: 
 Data sizes:     COMRAM   BANK0   BANK1   BANK2   BANK3   BANK4   BANK5
      Params:         0       0       0       0       0       0       0
      Locals:         0       0       0       0       0       0       0
      Temps:          0       0       0       0       0       0       0
      Totals:         0       0       0       0       0       0       0
Total ram usage:        0 bytes
 Hardware stack levels used:    1
 Hardware stack levels required when called:    2
 This function calls:
		Nothing
 This function is called by:
		_main
 This function uses a non-reentrant model


 *************** function _InitApp *****************
 Defined at:
		line 28 in file "user.c"
 Parameters:    Size  Location     Type
		None
 Auto vars:     Size  Location     Type
		None
 Return value:  Size  Location     Type
                  1    wreg      void 
 Registers used:
		wreg, status,2
 Tracked objects:
		On entry : 
		On exit  : 
		Unchanged: 
 Data sizes:     COMRAM   BANK0   BANK1   BANK2   BANK3   BANK4   BANK5
      Params:         0       0       0       0       0       0       0
      Locals:         0       0       0       0       0       0       0
      Temps:          0       0       0       0       0       0       0
      Totals:         0       0       0       0       0       0       0
Total ram usage:        0 bytes
 Hardware stack levels used:    1
 Hardware stack levels required when called:    2
 This function calls:
		Nothing
 This function is called by:
		_main
 This function uses a non-reentrant model


 *************** function _ConfigureOscillator *****************
 Defined at:
		line 24 in file "system.c"
 Parameters:    Size  Location     Type
		None
 Auto vars:     Size  Location     Type
		None
 Return value:  Size  Location     Type
                  1    wreg      void 
 Registers used:
		None
 Tracked objects:
		On entry : 
		On exit  : 
		Unchanged: 
 Data sizes:     COMRAM   BANK0   BANK1   BANK2   BANK3   BANK4   BANK5
      Params:         0       0       0       0       0       0       0
      Locals:         0       0       0       0       0       0       0
      Temps:          0       0       0       0       0       0       0
      Totals:         0       0       0       0       0       0       0
Total ram usage:        0 bytes
 Hardware stack levels used:    1
 Hardware stack levels required when called:    2
 This function calls:
		Nothing
 This function is called by:
		_main
 This function uses a non-reentrant model


 *************** function _low_isr *****************
 Defined at:
		line 89 in file "interrupts.c"
 Parameters:    Size  Location     Type
		None
 Auto vars:     Size  Location     Type
		None
 Return value:  Size  Location     Type
                  1    wreg      void 
 Registers used:
		None
 Tracked objects:
		On entry : 
		On exit  : 
		Unchanged: 
 Data sizes:     COMRAM   BANK0   BANK1   BANK2   BANK3   BANK4   BANK5
      Params:         0       0       0       0       0       0       0
      Locals:         0       0       0       0       0       0       0
      Temps:         17       0       0       0       0       0       0
      Totals:        17       0       0       0       0       0       0
Total ram usage:       17 bytes
 Hardware stack levels used:    1
 Hardware stack levels required when called:    1
 This function calls:
		Nothing
 This function is called by:
		Interrupt level 1
 This function uses a non-reentrant model


 *************** function _high_isr *****************
 Defined at:
		line 39 in file "interrupts.c"
 Parameters:    Size  Location     Type
		None
 Auto vars:     Size  Location     Type
		None
 Return value:  Size  Location     Type
                  1    wreg      void 
 Registers used:
		wreg, fsr2l, fsr2h, status,2, status,0
 Tracked objects:
		On entry : 
		On exit  : 
		Unchanged: 
 Data sizes:     COMRAM   BANK0   BANK1   BANK2   BANK3   BANK4   BANK5
      Params:         0       0       0       0       0       0       0
      Locals:         0       0       0       0       0       0       0
      Temps:         15       0       0       0       0       0       0
      Totals:        15       0       0       0       0       0       0
Total ram usage:       15 bytes
 Hardware stack levels used:    1
 This function calls:
		Nothing
 This function is called by:
		Interrupt level 2
 This function uses a non-reentrant model



MODULE INFORMATION

Module		Function		Class		Link	Load	Size
C:\Program Files\Microchip\xc8\v1.42\sources\common\strcmp.c
		_strcmp        		CODE           	1834	0000	97

C:\Program Files\Microchip\xc8\v1.42\sources\common\strcmp.c estimated size: 97

interrupts.c
		_high_isr      		CODE           	0008	0000	317
		_low_isr       		CODE           	0018	0000	147

interrupts.c estimated size: 464

C:\Program Files\Microchip\xc8\v1.42\sources\common\doprnt.c
		_sprintf       		CODE           	1346	0000	423

C:\Program Files\Microchip\xc8\v1.42\sources\common\doprnt.c estimated size: 423

C:\Program Files\Microchip\xc8\v1.42\sources\common\lwmod.c
		___lwmod       		CODE           	17CA	0000	107

C:\Program Files\Microchip\xc8\v1.42\sources\common\lwmod.c estimated size: 107

shared
		_dpowers       		SMALLCONST     	0601	0000	11
		_moverx        		SMALLCONST     	0633	0000	8
		_comandonoreconocido		SMALLCONST     	060B	0000	23
		_saludo        		SMALLCONST     	0621	0000	12
		__initialization		CODE           	193A	0000	57
		_movery        		SMALLCONST     	062C	0000	8

shared estimated size: 119

C:\Program Files\Microchip\xc8\v1.42\sources\common\Umul16.c
		___wmul        		CODE           	1980	0000	59

C:\Program Files\Microchip\xc8\v1.42\sources\common\Umul16.c estimated size: 59

user.c
		_InitApp       		CODE           	18E8	0000	83

user.c estimated size: 83

C:\Program Files\Microchip\xc8\v1.42\sources\common\lwdiv.c
		___lwdiv       		CODE           	16CA	0000	135

C:\Program Files\Microchip\xc8\v1.42\sources\common\lwdiv.c estimated size: 135

main.c
		_main          		CODE           	064C	0000	847
		_enviarTrama   		CODE           	1750	0000	123
		_apagarM1      		CODE           	19D2	0000	11
		_apagarM2      		CODE           	19BA	0000	15
		_ejexnegativo  		CODE           	10E0	0000	615
		_ejexpositivo  		CODE           	0C0A	0000	625
		_ejeynegativo  		CODE           	0E7A	0000	615
		_ledestado     		CODE           	1894	0000	85
		_ejeypositivo  		CODE           	099A	0000	625
		_stringtoint   		CODE           	1620	0000	171

main.c estimated size: 3732

system.c
		_ConfigureOscillator		CODE           	19DC	0000	7

system.c estimated size: 7

