Microchip MPLAB XC8 Compiler V1.42 ()

Linker command line:

-W-3 --edf=C:\Program Files\Microchip\xc8\v1.42\dat\en_msgs.txt -cs \
  -h+dist/C18_18F87K22/production\PROYECTO_TALLER.X.production.sym \
  --cmf=dist/C18_18F87K22/production\PROYECTO_TALLER.X.production.cmf -z \
  -Q18F252 -oC:\Users\david\AppData\Local\Temp\s53s.2 \
  -Mdist/C18_18F87K22/production/PROYECTO_TALLER.X.production.map -E1 \
  -ver=XC8 -ASTACK=0CDh-05ffh -pstack=STACK -ACODE=00h-03FFFhx2 \
  -ACONST=00h-07FFFh -ASMALLCONST=0600h-06FFhx122 \
  -AMEDIUMCONST=0600h-07FFFh -ACOMRAM=01h-07Fh -AABS1=00h-05FFh \
  -ABIGRAM=01h-05FFh -ARAM=080h-0FFh,0100h-01FFhx5 -ABANK0=080h-0FFh \
  -ABANK1=0100h-01FFh -ABANK2=0200h-02FFh -ABANK3=0300h-03FFh \
  -ABANK4=0400h-04FFh -ABANK5=0500h-05FFh -ASFR=0F80h-0FFFh \
  -preset_vec=00h,intcode=08h,intcodelo=018h,powerup,init -pramtop=0600h \
  -psmallconst=SMALLCONST -pmediumconst=MEDIUMCONST -pconst=CONST \
  -AFARRAM=00h-00h -ACONFIG=0300000h-030000Dh -pconfig=CONFIG \
  -AIDLOC=0200000h-0200007h -pidloc=IDLOC -AEEDATA=0F00000h-0F000FFh \
  -peeprom_data=EEDATA \
  -prdata=COMRAM,nvrram=COMRAM,nvbit=COMRAM,rbss=COMRAM,rbit=COMRAM \
  -pfarbss=FARRAM,fardata=FARRAM,nvFARRAM=FARRAM \
  -pintsave_regs=BIGRAM,bigbss=BIGRAM,bigdata=BIGRAM -pbss=RAM \
  -pidata=CODE,irdata=CODE,ibigdata=CODE,ifardata=CODE -prparam=COMRAM \
  C:\Users\david\AppData\Local\Temp\s53s.obj \
  dist/C18_18F87K22/production\PROYECTO_TALLER.X.production.obj 

Object code version is 3.11

Machine type is 18F252

Call graph: (short form)




                Name                               Link     Load   Length Selector   Space Scale
C:\Users\david\AppData\Local\Temp\s53s.obj
                text                                EB6      EB6        2      318       0
                init                                 AA       AA        4        C       0
                reset_vec                             0        0        6        0       0
                idloc                            200000   200000        8   200000       0
                config                           300000   300000        E   300000       0
dist/C18_18F87K22/production\PROYECTO_TALLER.X.production.obj
                intcodelo                            18       18       92        C       0
                intcode                               8        8        8        4       0
                temp                                 59       59        1        1       1
                smallconst                          600      600       30      300       0
                intcode_body                        B84      B84       DC      318       0
                text7                               EB0      EB0        6      318       0
                text6                               E36      E36       46      318       0
                text5                               DA0      DA0       50      318       0
                text4                               D50      D50       50      318       0
                text3                               CFC      CFC       54      318       0
                text2                               E7C      E7C       2A      318       0
                text1                               C60      C60       9C      318       0
                text0                               630      630      554      318       0
                cstackCOMRAM                          1        1       2A        1       1
                cstackBANK0                          AD       AD       20       80       1
                bssBANK0                             80       80       2D       80       1
                dataCOMRAM                           4F       4F        A        1       1
                bssCOMRAM                            2B       2B       24        1       1
                cinit                               DF0      DF0       46      318       0
                idataCOMRAM                         EA6      EA6        A      318       0

TOTAL           Name                               Link     Load   Length     Space
        CLASS   STACK          

        CLASS   CODE           
                intcodelo                            18       18       92         0
                intcode                               8        8        8         0
                text                                EB6      EB6        2         0
                init                                 AA       AA        4         0
                reset_vec                             0        0        6         0
                intcode_body                        B84      B84       DC         0
                text7                               EB0      EB0        6         0
                text6                               E36      E36       46         0
                text5                               DA0      DA0       50         0
                text4                               D50      D50       50         0
                text3                               CFC      CFC       54         0
                text2                               E7C      E7C       2A         0
                text1                               C60      C60       9C         0
                text0                               630      630      554         0
                cinit                               DF0      DF0       46         0
                idataCOMRAM                         EA6      EA6        A         0

        CLASS   CONST          

        CLASS   SMALLCONST     
                smallconst                          600      600       30         0

        CLASS   MEDIUMCONST    

        CLASS   COMRAM         
                temp                                 59       59        1         1
                cstackCOMRAM                          1        1       2A         1
                dataCOMRAM                           4F       4F        A         1
                bssCOMRAM                            2B       2B       24         1

        CLASS   ABS1           

        CLASS   BIGRAM         

        CLASS   RAM            

        CLASS   BANK0          
                cstackBANK0                          AD       AD       20         1
                bssBANK0                             80       80       2D         1

        CLASS   BANK1          

        CLASS   BANK2          

        CLASS   BANK3          

        CLASS   BANK4          

        CLASS   BANK5          

        CLASS   SFR            

        CLASS   FARRAM         

        CLASS   CONFIG         
                config                           300000   300000        E         0

        CLASS   IDLOC          
                idloc                            200000   200000        8         0

        CLASS   EEDATA         



SEGMENTS        Name                           Load    Length   Top    Selector   Space  Class

                reset_vec                      000000  000006  000006         0       0  CODE    
                cstackCOMRAM                   000001  000059  00005A         1       1  COMRAM  
                intcode                        000008  000008  000010         4       0  CODE    
                intcodelo                      000018  000096  0000AE         C       0  CODE    
                bssBANK0                       000080  00004D  0000CD        80       1  BANK0   
                smallconst                     000600  000030  000630       300       0  SMALLCON
                text0                          000630  000888  000EB8       318       0  CODE    
                idloc                          200000  000008  200008    200000       0  IDLOC   
                config                         300000  00000E  30000E    300000       0  CONFIG  


UNUSED ADDRESS RANGES

        Name                Unused          Largest block    Delta
        BANK0            0000CD-0000FF               33
        BANK1            000100-0001FF              100
        BANK2            000200-0002FF              100
        BANK3            000300-0003FF              100
        BANK4            000400-0004FF              100
        BANK5            000500-0005FF              100
        BIGRAM           00005A-00007F               26
                         0000CD-0005FF              533
        CODE             000006-000007                2
                         000010-000017                8
                         0000AE-0005FF              552
                         000EB8-007FFF             3148
        COMRAM           00005A-00007F               26
        CONST            000006-000007                2
                         000010-000017                8
                         0000AE-0005FF              552
                         000EB8-007FFF             7148
        EEDATA           F00000-F000FF              100
        MEDIUMCONST      000EB8-007FFF             7148
        RAM              0000CD-0005FF              100
        SFR              000F80-000FFF               80
        SMALLCONST       000EB8-007FFF              100
        STACK            0000CD-0005FF              533

                                  Symbol Table

?___wmul                                                                     cstackCOMRAM 000020
?_strcmp                                                                     cstackCOMRAM 000020
?_stringtoint                                                                cstackCOMRAM 000026
_ConfigureOscillator                                                         text7        000EB0
_IPR1bits                                                                    (abs)        000F9F
_InitApp                                                                     text6        000E36
_LATA                                                                        (abs)        000F89
_LATBbits                                                                    (abs)        000F8A
_PIE1bits                                                                    (abs)        000F9D
_PIR1bits                                                                    (abs)        000F9E
_PORTA                                                                       (abs)        000F80
_PORTB                                                                       (abs)        000F81
_PORTBbits                                                                   (abs)        000F81
_PORTC                                                                       (abs)        000F82
_RCREG                                                                       (abs)        000FAE
_RCSTAbits                                                                   (abs)        000FAB
_SPBRG                                                                       (abs)        000FAF
_StepCounter                                                                 bssCOMRAM    000041
_T1CONbits                                                                   (abs)        000FCD
_TMR1                                                                        (abs)        000FCE
_TRISA                                                                       (abs)        000F92
_TRISBbits                                                                   (abs)        000F93
_TRISCbits                                                                   (abs)        000F94
_TXREG                                                                       (abs)        000FAD
_TXSTAbits                                                                   (abs)        000FAC
__HRAM                                                                       (abs)        000000
__Habs1                                                                      abs1         000000
__Hbank0                                                                     bank0        000000
__Hbank1                                                                     bank1        000000
__Hbank2                                                                     bank2        000000
__Hbank3                                                                     bank3        000000
__Hbank4                                                                     bank4        000000
__Hbank5                                                                     bank5        000000
__Hbigbss                                                                    bigbss       000000
__Hbigdata                                                                   bigdata      000000
__Hbigram                                                                    bigram       000000
__Hbss                                                                       bss          000000
__HbssBANK0                                                                  bssBANK0     000000
__HbssCOMRAM                                                                 bssCOMRAM    000000
__Hcinit                                                                     cinit        000000
__Hclrtext                                                                   clrtext      000000
__Hcomram                                                                    comram       000000
__Hconfig                                                                    config       30000E
__Hconst                                                                     const        000000
__HcstackBANK0                                                               cstackBANK0  000000
__HcstackCOMRAM                                                              cstackCOMRAM 000000
__Hdata                                                                      data         000000
__HdataCOMRAM                                                                dataCOMRAM   000000
__Heeprom_data                                                               eeprom_data  000000
__Hfarbss                                                                    farbss       000000
__Hfardata                                                                   fardata      000000
__Hibigdata                                                                  ibigdata     000000
__Hidata                                                                     idata        000000
__HidataCOMRAM                                                               idataCOMRAM  000000
__Hidloc                                                                     idloc        200008
__Hifardata                                                                  ifardata     000000
__Hinit                                                                      init         0000AE
__Hintcode                                                                   intcode      000010
__Hintcode_body                                                              intcode_body 000000
__Hintcodelo                                                                 intcodelo    0000AA
__Hintentry                                                                  intentry     000000
__Hintret                                                                    intret       000000
__Hintsave_regs                                                              intsave_regs 000000
__Hirdata                                                                    irdata       000000
__Hmediumconst                                                               mediumconst  000000
__HnvFARRAM                                                                  nvFARRAM     000000
__Hnvbit                                                                     nvbit        000000
__Hnvrram                                                                    nvrram       000000
__Hparam                                                                     rparam       000000
__Hpowerup                                                                   powerup      0000AA
__Hram                                                                       ram          000000
__Hramtop                                                                    ramtop       000600
__Hrbit                                                                      rbit         000000
__Hrbss                                                                      rbss         000000
__Hrdata                                                                     rdata        000000
__Hreset_vec                                                                 reset_vec    000006
__Hrparam                                                                    rparam       000000
__Hsfr                                                                       sfr          000000
__Hsmallconst                                                                smallconst   000630
__Hspace_0                                                                   (abs)        30000E
__Hspace_1                                                                   (abs)        0000CD
__Hspace_2                                                                   (abs)        000000
__Hstack                                                                     stack        000000
__Hstruct                                                                    struct       000000
__Htemp                                                                      temp         00005A
__Htext                                                                      text         000000
__Htext0                                                                     text0        000000
__Htext1                                                                     text1        000000
__Htext2                                                                     text2        000000
__Htext3                                                                     text3        000000
__Htext4                                                                     text4        000000
__Htext5                                                                     text5        000000
__Htext6                                                                     text6        000000
__Htext7                                                                     text7        000000
__LRAM                                                                       (abs)        000001
__Labs1                                                                      abs1         000000
__Lbank0                                                                     bank0        000000
__Lbank1                                                                     bank1        000000
__Lbank2                                                                     bank2        000000
__Lbank3                                                                     bank3        000000
__Lbank4                                                                     bank4        000000
__Lbank5                                                                     bank5        000000
__Lbigbss                                                                    bigbss       000000
__Lbigdata                                                                   bigdata      000000
__Lbigram                                                                    bigram       000000
__Lbss                                                                       bss          000000
__LbssBANK0                                                                  bssBANK0     000000
__LbssCOMRAM                                                                 bssCOMRAM    000000
__Lcinit                                                                     cinit        000000
__Lclrtext                                                                   clrtext      000000
__Lcomram                                                                    comram       000000
__Lconfig                                                                    config       300000
__Lconst                                                                     const        000000
__LcstackBANK0                                                               cstackBANK0  000000
__LcstackCOMRAM                                                              cstackCOMRAM 000000
__Ldata                                                                      data         000000
__LdataCOMRAM                                                                dataCOMRAM   000000
__Leeprom_data                                                               eeprom_data  000000
__Lfarbss                                                                    farbss       000000
__Lfardata                                                                   fardata      000000
__Libigdata                                                                  ibigdata     000000
__Lidata                                                                     idata        000000
__LidataCOMRAM                                                               idataCOMRAM  000000
__Lidloc                                                                     idloc        200000
__Lifardata                                                                  ifardata     000000
__Linit                                                                      init         0000AA
__Lintcode                                                                   intcode      000008
__Lintcode_body                                                              intcode_body 000000
__Lintcodelo                                                                 intcodelo    000018
__Lintentry                                                                  intentry     000000
__Lintret                                                                    intret       000000
__Lintsave_regs                                                              intsave_regs 000000
__Lirdata                                                                    irdata       000000
__Lmediumconst                                                               mediumconst  000000
__LnvFARRAM                                                                  nvFARRAM     000000
__Lnvbit                                                                     nvbit        000000
__Lnvrram                                                                    nvrram       000000
__Lparam                                                                     rparam       000000
__Lpowerup                                                                   powerup      0000AA
__Lram                                                                       ram          000000
__Lramtop                                                                    ramtop       000600
__Lrbit                                                                      rbit         000000
__Lrbss                                                                      rbss         000000
__Lrdata                                                                     rdata        000000
__Lreset_vec                                                                 reset_vec    000000
__Lrparam                                                                    rparam       000000
__Lsfr                                                                       sfr          000000
__Lsmallconst                                                                smallconst   000600
__Lspace_0                                                                   (abs)        000000
__Lspace_1                                                                   (abs)        000000
__Lspace_2                                                                   (abs)        000000
__Lstack                                                                     stack        000000
__Lstruct                                                                    struct       000000
__Ltemp                                                                      temp         000059
__Ltext                                                                      text         000000
__Ltext0                                                                     text0        000000
__Ltext1                                                                     text1        000000
__Ltext2                                                                     text2        000000
__Ltext3                                                                     text3        000000
__Ltext4                                                                     text4        000000
__Ltext5                                                                     text5        000000
__Ltext6                                                                     text6        000000
__Ltext7                                                                     text7        000000
__S0                                                                         (abs)        30000E
__S1                                                                         (abs)        0000CD
__S2                                                                         (abs)        000000
___inthi_sp                                                                  stack        000000
___intlo_sp                                                                  stack        000000
___param_bank                                                                (abs)        000000
___rparam_used                                                               (abs)        000001
___sp                                                                        stack        000000
___wmul                                                                      text2        000E7C
___wmul@multiplicand                                                         cstackCOMRAM 000022
___wmul@multiplier                                                           cstackCOMRAM 000020
___wmul@product                                                              cstackCOMRAM 000024
__accesstop                                                                  (abs)        000080
__activetblptr                                                               (abs)        000002
__cntErrataNOP_C:\Users\david\AppData\Local\Temp\s53s.obj                    (abs)        000001
__cntErrataNOP_dist/C18_18F87K22/production\PROYECTO_TALLER.X.production.obj (abs)        00003F
__end_of_ConfigureOscillator                                                 text7        000EB6
__end_of_InitApp                                                             text6        000E7C
__end_of___wmul                                                              text2        000EA6
__end_of__initialization                                                     cinit        000E28
__end_of_enviarTrama                                                         text5        000DF0
__end_of_high_isr                                                            intcode_body 000C60
__end_of_ledestado                                                           text4        000DA0
__end_of_low_isr                                                             intcodelo    0000AA
__end_of_main                                                                text0        000B84
__end_of_moverx                                                              smallconst   00062F
__end_of_saludo                                                              smallconst   000628
__end_of_strcmp                                                              text3        000D50
__end_of_stringtoint                                                         text1        000CFC
__initialization                                                             cinit        000DF0
__mediumconst                                                                mediumconst  000000
__pbssBANK0                                                                  bssBANK0     000080
__pbssCOMRAM                                                                 bssCOMRAM    00002B
__pcinit                                                                     cinit        000DF0
__pcstackBANK0                                                               cstackBANK0  0000AD
__pcstackCOMRAM                                                              cstackCOMRAM 000001
__pdataCOMRAM                                                                dataCOMRAM   00004F
__pidataCOMRAM                                                               idataCOMRAM  000EA6
__pintcode                                                                   intcode      000008
__pintcode_body                                                              intcode_body 000B84
__pintcodelo                                                                 intcodelo    000018
__psmallconst                                                                smallconst   000600
__ptext0                                                                     text0        000630
__ptext1                                                                     text1        000C60
__ptext2                                                                     text2        000E7C
__ptext3                                                                     text3        000CFC
__ptext4                                                                     text4        000D50
__ptext5                                                                     text5        000DA0
__ptext6                                                                     text6        000E36
__ptext7                                                                     text7        000EB0
__ramtop                                                                     ramtop       000600
__size_of_ConfigureOscillator                                                (abs)        000000
__size_of_InitApp                                                            (abs)        000000
__size_of___wmul                                                             (abs)        000000
__size_of_enviarTrama                                                        (abs)        000000
__size_of_high_isr                                                           (abs)        000000
__size_of_ledestado                                                          (abs)        000000
__size_of_low_isr                                                            (abs)        000000
__size_of_main                                                               (abs)        000000
__size_of_strcmp                                                             (abs)        000000
__size_of_stringtoint                                                        (abs)        000000
__smallconst                                                                 smallconst   000600
_actualstep                                                                  dataCOMRAM   00004F
_c                                                                           bssCOMRAM    000037
_comando                                                                     bssBANK0     000080
_cont_led                                                                    bssCOMRAM    000039
_dato                                                                        bssCOMRAM    00004B
_digitos                                                                     bssCOMRAM    00004C
_enter                                                                       bssCOMRAM    000047
_enviarTrama                                                                 text5        000DA0
_g                                                                           bssCOMRAM    00003F
_help                                                                        bssCOMRAM    00002F
_high_isr                                                                    intcode      000008
_led                                                                         bssCOMRAM    000045
_ledestado                                                                   text4        000D50
_low_isr                                                                     intcodelo    000018
_main                                                                        text0        000630
_moverx                                                                      smallconst   000628
_muestreo                                                                    bssCOMRAM    00003D
_n                                                                           bssCOMRAM    000043
_numSteps                                                                    dataCOMRAM   000051
_o                                                                           bssCOMRAM    000033
_p                                                                           bssCOMRAM    000031
_r                                                                           bssCOMRAM    00002D
_saludo                                                                      smallconst   000601
_stepcont                                                                    dataCOMRAM   000057
_steps                                                                       bssCOMRAM    000035
_stepsPerRev                                                                 dataCOMRAM   000055
_strcmp                                                                      text3        000CFC
_stringtoint                                                                 text1        000C60
_tam                                                                         bssBANK0     000099
_tama                                                                        bssCOMRAM    000049
_vel                                                                         dataCOMRAM   000053
_visualizacion                                                               bssCOMRAM    00003B
_xtrue                                                                       bssCOMRAM    00002B
btemp                                                                        temp         000059
end_of_initialization                                                        cinit        000E28
enviarTrama@datos                                                            cstackCOMRAM 000020
int$flags                                                                    temp         000059
int_func                                                                     intcode_body 000B84
intlevel0                                                                    text         000EB6
intlevel1                                                                    text         000EB6
intlevel2                                                                    text         000EB6
intlevel3                                                                    text         000EB6
ledestado@tiempoled                                                          cstackCOMRAM 000020
main@i                                                                       cstackBANK0  0000AD
main@i_300                                                                   cstackBANK0  0000AF
main@i_301                                                                   cstackBANK0  0000B1
main@i_302                                                                   cstackBANK0  0000B3
main@i_303                                                                   cstackBANK0  0000B5
main@i_304                                                                   cstackBANK0  0000B7
main@i_305                                                                   cstackBANK0  0000B9
main@i_306                                                                   cstackBANK0  0000BB
main@i_307                                                                   cstackBANK0  0000BD
main@i_308                                                                   cstackBANK0  0000BF
main@i_309                                                                   cstackBANK0  0000C1
main@i_310                                                                   cstackBANK0  0000C3
main@i_311                                                                   cstackBANK0  0000C5
main@i_312                                                                   cstackBANK0  0000C7
main@i_313                                                                   cstackBANK0  0000C9
main@i_314                                                                   cstackBANK0  0000CB
stackhi                                                                      (abs)        0005FF
stacklo                                                                      (abs)        0000CD
start                                                                        init         0000AA
start_initialization                                                         cinit        000DF0
strcmp@r                                                                     cstackCOMRAM 000025
strcmp@s1                                                                    cstackCOMRAM 000020
strcmp@s2                                                                    cstackCOMRAM 000022
stringtoint@string                                                           cstackCOMRAM 000026


FUNCTION INFORMATION:

 *************** function _main *****************
 Defined at:
		line 66 in file "main.c"
 Parameters:    Size  Location     Type
		None
 Auto vars:     Size  Location     Type
  i               2   30[BANK0 ] int 
  i               2   28[BANK0 ] int 
  i               2   26[BANK0 ] int 
  i               2   24[BANK0 ] int 
  i               2   22[BANK0 ] int 
  i               2   20[BANK0 ] int 
  i               2   18[BANK0 ] int 
  i               2   16[BANK0 ] int 
  i               2   14[BANK0 ] int 
  i               2   12[BANK0 ] int 
  i               2   10[BANK0 ] int 
  i               2    8[BANK0 ] int 
  i               2    6[BANK0 ] int 
  i               2    4[BANK0 ] int 
  i               2    2[BANK0 ] int 
  i               2    0[BANK0 ] int 
 Return value:  Size  Location     Type
                  1    wreg      void 
 Registers used:
		wreg, fsr1l, fsr1h, fsr2l, fsr2h, status,2, status,0, tblptrl, tblptrh, tblptru, prodl, prodh, cstack
 Tracked objects:
		On entry : 
		On exit  : 
		Unchanged: 
 Data sizes:     COMRAM   BANK0   BANK1   BANK2   BANK3   BANK4   BANK5
      Params:         0       0       0       0       0       0       0
      Locals:         0      32       0       0       0       0       0
      Temps:          2       0       0       0       0       0       0
      Totals:         2      32       0       0       0       0       0
Total ram usage:       34 bytes
 Hardware stack levels required when called:    4
 This function calls:
		_ConfigureOscillator
		_InitApp
		_enviarTrama
		_ledestado
		_strcmp
		_stringtoint
 This function is called by:
		Startup code after reset
 This function uses a non-reentrant model


 *************** function _stringtoint *****************
 Defined at:
		line 247 in file "main.c"
 Parameters:    Size  Location     Type
  string          2   37[COMRAM] PTR unsigned char 
		 -> digitos(3), 
 Auto vars:     Size  Location     Type
		None
 Return value:  Size  Location     Type
                  2   37[COMRAM] int 
 Registers used:
		wreg, fsr2l, fsr2h, status,2, status,0, prodl, prodh, cstack
 Tracked objects:
		On entry : 
		On exit  : 
		Unchanged: 
 Data sizes:     COMRAM   BANK0   BANK1   BANK2   BANK3   BANK4   BANK5
      Params:         2       0       0       0       0       0       0
      Locals:         0       0       0       0       0       0       0
      Temps:          1       0       0       0       0       0       0
      Totals:         3       0       0       0       0       0       0
Total ram usage:        3 bytes
 Hardware stack levels used:    1
 Hardware stack levels required when called:    3
 This function calls:
		___wmul
 This function is called by:
		_main
 This function uses a non-reentrant model


 *************** function ___wmul *****************
 Defined at:
		line 15 in file "C:\Program Files\Microchip\xc8\v1.42\sources\common\Umul16.c"
 Parameters:    Size  Location     Type
  multiplier      2   31[COMRAM] unsigned int 
  multiplicand    2   33[COMRAM] unsigned int 
 Auto vars:     Size  Location     Type
  product         2   35[COMRAM] unsigned int 
 Return value:  Size  Location     Type
                  2   31[COMRAM] unsigned int 
 Registers used:
		wreg, status,2, status,0, prodl, prodh
 Tracked objects:
		On entry : 
		On exit  : 
		Unchanged: 
 Data sizes:     COMRAM   BANK0   BANK1   BANK2   BANK3   BANK4   BANK5
      Params:         4       0       0       0       0       0       0
      Locals:         2       0       0       0       0       0       0
      Temps:          0       0       0       0       0       0       0
      Totals:         6       0       0       0       0       0       0
Total ram usage:        6 bytes
 Hardware stack levels used:    1
 Hardware stack levels required when called:    2
 This function calls:
		Nothing
 This function is called by:
		_stringtoint
 This function uses a non-reentrant model


 *************** function _strcmp *****************
 Defined at:
		line 33 in file "C:\Program Files\Microchip\xc8\v1.42\sources\common\strcmp.c"
 Parameters:    Size  Location     Type
  s1              2   31[COMRAM] PTR const unsigned char 
		 -> tam(20), 
  s2              2   33[COMRAM] PTR const unsigned char 
		 -> moverx(7), 
 Auto vars:     Size  Location     Type
  r               1   36[COMRAM] char 
 Return value:  Size  Location     Type
                  2   31[COMRAM] int 
 Registers used:
		wreg, fsr2l, fsr2h, status,2, status,0, tblptrl, tblptrh, tblptru
 Tracked objects:
		On entry : 
		On exit  : 
		Unchanged: 
 Data sizes:     COMRAM   BANK0   BANK1   BANK2   BANK3   BANK4   BANK5
      Params:         4       0       0       0       0       0       0
      Locals:         1       0       0       0       0       0       0
      Temps:          1       0       0       0       0       0       0
      Totals:         6       0       0       0       0       0       0
Total ram usage:        6 bytes
 Hardware stack levels used:    1
 Hardware stack levels required when called:    2
 This function calls:
		Nothing
 This function is called by:
		_main
 This function uses a non-reentrant model


 *************** function _ledestado *****************
 Defined at:
		line 238 in file "main.c"
 Parameters:    Size  Location     Type
  tiempoled       2   31[COMRAM] int 
 Auto vars:     Size  Location     Type
		None
 Return value:  Size  Location     Type
                  1    wreg      void 
 Registers used:
		wreg, status,2, status,0
 Tracked objects:
		On entry : 
		On exit  : 
		Unchanged: 
 Data sizes:     COMRAM   BANK0   BANK1   BANK2   BANK3   BANK4   BANK5
      Params:         2       0       0       0       0       0       0
      Locals:         0       0       0       0       0       0       0
      Temps:          1       0       0       0       0       0       0
      Totals:         3       0       0       0       0       0       0
Total ram usage:        3 bytes
 Hardware stack levels used:    1
 Hardware stack levels required when called:    2
 This function calls:
		Nothing
 This function is called by:
		_main
 This function uses a non-reentrant model


 *************** function _enviarTrama *****************
 Defined at:
		line 221 in file "main.c"
 Parameters:    Size  Location     Type
  datos           2   31[COMRAM] PTR unsigned char 
		 -> saludo(39), 
 Auto vars:     Size  Location     Type
		None
 Return value:  Size  Location     Type
                  1    wreg      void 
 Registers used:
		wreg, status,2, status,0, tblptrl, tblptrh, tblptru
 Tracked objects:
		On entry : 
		On exit  : 
		Unchanged: 
 Data sizes:     COMRAM   BANK0   BANK1   BANK2   BANK3   BANK4   BANK5
      Params:         2       0       0       0       0       0       0
      Locals:         0       0       0       0       0       0       0
      Temps:          0       0       0       0       0       0       0
      Totals:         2       0       0       0       0       0       0
Total ram usage:        2 bytes
 Hardware stack levels used:    1
 Hardware stack levels required when called:    2
 This function calls:
		Nothing
 This function is called by:
		_main
 This function uses a non-reentrant model


 *************** function _InitApp *****************
 Defined at:
		line 28 in file "user.c"
 Parameters:    Size  Location     Type
		None
 Auto vars:     Size  Location     Type
		None
 Return value:  Size  Location     Type
                  1    wreg      void 
 Registers used:
		wreg, status,2
 Tracked objects:
		On entry : 
		On exit  : 
		Unchanged: 
 Data sizes:     COMRAM   BANK0   BANK1   BANK2   BANK3   BANK4   BANK5
      Params:         0       0       0       0       0       0       0
      Locals:         0       0       0       0       0       0       0
      Temps:          0       0       0       0       0       0       0
      Totals:         0       0       0       0       0       0       0
Total ram usage:        0 bytes
 Hardware stack levels used:    1
 Hardware stack levels required when called:    2
 This function calls:
		Nothing
 This function is called by:
		_main
 This function uses a non-reentrant model


 *************** function _ConfigureOscillator *****************
 Defined at:
		line 24 in file "system.c"
 Parameters:    Size  Location     Type
		None
 Auto vars:     Size  Location     Type
		None
 Return value:  Size  Location     Type
                  1    wreg      void 
 Registers used:
		None
 Tracked objects:
		On entry : 
		On exit  : 
		Unchanged: 
 Data sizes:     COMRAM   BANK0   BANK1   BANK2   BANK3   BANK4   BANK5
      Params:         0       0       0       0       0       0       0
      Locals:         0       0       0       0       0       0       0
      Temps:          0       0       0       0       0       0       0
      Totals:         0       0       0       0       0       0       0
Total ram usage:        0 bytes
 Hardware stack levels used:    1
 Hardware stack levels required when called:    2
 This function calls:
		Nothing
 This function is called by:
		_main
 This function uses a non-reentrant model


 *************** function _low_isr *****************
 Defined at:
		line 80 in file "interrupts.c"
 Parameters:    Size  Location     Type
		None
 Auto vars:     Size  Location     Type
		None
 Return value:  Size  Location     Type
                  1    wreg      void 
 Registers used:
		None
 Tracked objects:
		On entry : 
		On exit  : 
		Unchanged: 
 Data sizes:     COMRAM   BANK0   BANK1   BANK2   BANK3   BANK4   BANK5
      Params:         0       0       0       0       0       0       0
      Locals:         0       0       0       0       0       0       0
      Temps:         17       0       0       0       0       0       0
      Totals:        17       0       0       0       0       0       0
Total ram usage:       17 bytes
 Hardware stack levels used:    1
 Hardware stack levels required when called:    1
 This function calls:
		Nothing
 This function is called by:
		Interrupt level 1
 This function uses a non-reentrant model


 *************** function _high_isr *****************
 Defined at:
		line 37 in file "interrupts.c"
 Parameters:    Size  Location     Type
		None
 Auto vars:     Size  Location     Type
		None
 Return value:  Size  Location     Type
                  1    wreg      void 
 Registers used:
		wreg, fsr2l, fsr2h, status,2, status,0
 Tracked objects:
		On entry : 
		On exit  : 
		Unchanged: 
 Data sizes:     COMRAM   BANK0   BANK1   BANK2   BANK3   BANK4   BANK5
      Params:         0       0       0       0       0       0       0
      Locals:         0       0       0       0       0       0       0
      Temps:         14       0       0       0       0       0       0
      Totals:        14       0       0       0       0       0       0
Total ram usage:       14 bytes
 Hardware stack levels used:    1
 This function calls:
		Nothing
 This function is called by:
		Interrupt level 2
 This function uses a non-reentrant model



MODULE INFORMATION

Module		Function		Class		Link	Load	Size
C:\Program Files\Microchip\xc8\v1.42\sources\common\strcmp.c
		_strcmp        		CODE           	0CFC	0000	85

C:\Program Files\Microchip\xc8\v1.42\sources\common\strcmp.c estimated size: 85

interrupts.c
		_high_isr      		CODE           	0008	0000	229
		_low_isr       		CODE           	0018	0000	147

interrupts.c estimated size: 376

shared
		_moverx        		SMALLCONST     	0628	0000	8
		_saludo        		SMALLCONST     	0601	0000	40
		__initialization		CODE           	0DF0	0000	57

shared estimated size: 105

C:\Program Files\Microchip\xc8\v1.42\sources\common\Umul16.c
		___wmul        		CODE           	0E7C	0000	43

C:\Program Files\Microchip\xc8\v1.42\sources\common\Umul16.c estimated size: 43

user.c
		_InitApp       		CODE           	0E36	0000	71

user.c estimated size: 71

main.c
		_main          		CODE           	0630	0000	1365
		_enviarTrama   		CODE           	0DA0	0000	81
		_ledestado     		CODE           	0D50	0000	81
		_stringtoint   		CODE           	0C60	0000	157

main.c estimated size: 1684

system.c
		_ConfigureOscillator		CODE           	0EB0	0000	7

system.c estimated size: 7

